Starting "default"...
(default) Check network to re-create if needed...
(default) Windows might ask for the permission to configure a dhcp server. Sometimes, such confirmation window is minimized in the taskbar.
(default) Waiting for an IP...
Machine "default" was started.
Waiting for SSH to be available...
Detecting the provisioner...
Started machines may have new IP addresses. You may need to re-run the `docker-machine env` command.
Regenerate TLS machine certs?  Warning: this is irreversible. (y/n): Regenerating TLS certificates
Waiting for SSH to be available...
Detecting the provisioner...
Copying certs to the local machine directory...
Copying certs to the remote machine...
Setting Docker configuration on the remote daemon...



                        ##         .
                  ## ## ##        ==
               ## ## ## ## ##    ===
           /"""""""""""""""""\___/ ===
      ~~~ {~~ ~~~~ ~~~ ~~~~ ~~~ ~ /  ===- ~~~
           \______ o           __/
             \    \         __/
              \____\_______/

docker is configured to use the default machine with IP 192.168.99.100
For help getting started, check out the docs at https://docs.docker.com


Start interactive shell

Admin@DESKTOP-EQVBGKE MINGW64 /c/Program Files/Docker Toolbox
$ docker images                                                                                                         REPOSITORY          TAG                 IMAGE ID            CREATED             SIZE

Admin@DESKTOP-EQVBGKE MINGW64 /c/Program Files/Docker Toolbox
$ docker container
Usage:  docker container COMMAND

Manage containers

Options:


Commands:
  attach      Attach local standard input, output, and error streams to a running container
  commit      Create a new image from a container's changes
  cp          Copy files/folders between a container and the local filesystem
  create      Create a new container
  diff        Inspect changes to files or directories on a container's filesystem
  exec        Run a command in a running container
  export      Export a container's filesystem as a tar archive
  inspect     Display detailed information on one or more containers
  kill        Kill one or more running containers
  logs        Fetch the logs of a container
  ls          List containers
  pause       Pause all processes within one or more containers
  port        List port mappings or a specific mapping for the container
  prune       Remove all stopped containers
  rename      Rename a container
  restart     Restart one or more containers
  rm          Remove one or more containers
  run         Run a command in a new container
  start       Start one or more stopped containers
  stats       Display a live stream of container(s) resource usage statistics
  stop        Stop one or more running containers
  top         Display the running processes of a container
  unpause     Unpause all processes within one or more containers
  update      Update configuration of one or more containers
  wait        Block until one or more containers stop, then print their exit codes

Run 'docker container COMMAND --help' for more information on a command.

Admin@DESKTOP-EQVBGKE MINGW64 /c/Program Files/Docker Toolbox
$ docker container ls -a
CONTAINER ID        IMAGE               COMMAND             CREATED             STATUS              PORTS               NAMES

Admin@DESKTOP-EQVBGKE MINGW64 /c/Program Files/Docker Toolbox
$ cls
bash: cls: command not found

Admin@DESKTOP-EQVBGKE MINGW64 /c/Program Files/Docker Toolbox
$ clear


Admin@DESKTOP-EQVBGKE MINGW64 /c/Program Files/Docker Toolbox
$ docker run --name boaproddb-sql -e MYSQL_ROOT_PASSWORD = root123 -e MYSQL_DATABASE=boaproddb -e MYSQL_USER=root -e MY SQL_PASSWORD=demo_pass -d mysql
C:\Program Files\Docker Toolbox\docker.exe: invalid reference format.
See 'C:\Program Files\Docker Toolbox\docker.exe run --help'.

Admin@DESKTOP-EQVBGKE MINGW64 /c/Program Files/Docker Toolbox
$ docker run --name boaproddb-sql -e MYSQL_ROOT_PASSWORD = root123 -e MYSQL_DATABASE=boaproddb -e MYSQL_USER=root -e MY
SQL_PASSWORD=root123 -d mysql                                                                                           C:\Program Files\Docker Toolbox\docker.exe: invalid reference format.
See 'C:\Program Files\Docker Toolbox\docker.exe run --help'.

Admin@DESKTOP-EQVBGKE MINGW64 /c/Program Files/Docker Toolbox
$ docker run
"docker run" requires at least 1 argument.
See 'docker run --help'.

Usage:  docker run [OPTIONS] IMAGE [COMMAND] [ARG...] [flags]

Run a command in a new container

Admin@DESKTOP-EQVBGKE MINGW64 /c/Program Files/Docker Toolbox
$ docker run --help
Usage:  docker run [OPTIONS] IMAGE [COMMAND] [ARG...]

Run a command in a new container

Options:
      --add-host list                  Add a custom host-to-IP mapping
                                       (host:ip)
  -a, --attach list                    Attach to STDIN, STDOUT or STDERR
      --blkio-weight uint16            Block IO (relative weight),
                                       between 10 and 1000, or 0 to
                                       disable (default 0)
      --blkio-weight-device list       Block IO weight (relative device
                                       weight) (default [])
      --cap-add list                   Add Linux capabilities
      --cap-drop list                  Drop Linux capabilities
      --cgroup-parent string           Optional parent cgroup for the
                                       container
      --cidfile string                 Write the container ID to the file
      --cpu-period int                 Limit CPU CFS (Completely Fair
                                       Scheduler) period
      --cpu-quota int                  Limit CPU CFS (Completely Fair
                                       Scheduler) quota
      --cpu-rt-period int              Limit CPU real-time period in
                                       microseconds
      --cpu-rt-runtime int             Limit CPU real-time runtime in
                                       microseconds
  -c, --cpu-shares int                 CPU shares (relative weight)
      --cpus decimal                   Number of CPUs
      --cpuset-cpus string             CPUs in which to allow execution
                                       (0-3, 0,1)
      --cpuset-mems string             MEMs in which to allow execution
                                       (0-3, 0,1)
  -d, --detach                         Run container in background and
                                       print container ID
      --detach-keys string             Override the key sequence for
                                       detaching a container
      --device list                    Add a host device to the container
      --device-cgroup-rule list        Add a rule to the cgroup allowed
                                       devices list
      --device-read-bps list           Limit read rate (bytes per second)
                                       from a device (default [])
      --device-read-iops list          Limit read rate (IO per second)
                                       from a device (default [])
      --device-write-bps list          Limit write rate (bytes per
                                       second) to a device (default [])
      --device-write-iops list         Limit write rate (IO per second)
                                       to a device (default [])
      --disable-content-trust          Skip image verification (default true)
      --dns list                       Set custom DNS servers
      --dns-option list                Set DNS options
      --dns-search list                Set custom DNS search domains
      --entrypoint string              Overwrite the default ENTRYPOINT
                                       of the image
  -e, --env list                       Set environment variables
      --env-file list                  Read in a file of environment variables
      --expose list                    Expose a port or a range of ports
      --group-add list                 Add additional groups to join
      --health-cmd string              Command to run to check health
      --health-interval duration       Time between running the check
                                       (ms|s|m|h) (default 0s)
      --health-retries int             Consecutive failures needed to
                                       report unhealthy
      --health-start-period duration   Start period for the container to
                                       initialize before starting
                                       health-retries countdown
                                       (ms|s|m|h) (default 0s)
      --health-timeout duration        Maximum time to allow one check to
                                       run (ms|s|m|h) (default 0s)
      --help                           Print usage
  -h, --hostname string                Container host name
      --init                           Run an init inside the container
                                       that forwards signals and reaps
                                       processes
  -i, --interactive                    Keep STDIN open even if not attached
      --ip string                      IPv4 address (e.g., 172.30.100.104)
      --ip6 string                     IPv6 address (e.g., 2001:db8::33)
      --ipc string                     IPC mode to use
      --isolation string               Container isolation technology
      --kernel-memory bytes            Kernel memory limit
  -l, --label list                     Set meta data on a container
      --label-file list                Read in a line delimited file of labels
      --link list                      Add link to another container
      --link-local-ip list             Container IPv4/IPv6 link-local
                                       addresses
      --log-driver string              Logging driver for the container
      --log-opt list                   Log driver options
      --mac-address string             Container MAC address (e.g.,
                                       92:d0:c6:0a:29:33)
  -m, --memory bytes                   Memory limit
      --memory-reservation bytes       Memory soft limit
      --memory-swap bytes              Swap limit equal to memory plus
                                       swap: '-1' to enable unlimited swap
      --memory-swappiness int          Tune container memory swappiness
                                       (0 to 100) (default -1)
      --mount mount                    Attach a filesystem mount to the
                                       container
      --name string                    Assign a name to the container
      --network string                 Connect a container to a network
                                       (default "default")
      --network-alias list             Add network-scoped alias for the
                                       container
      --no-healthcheck                 Disable any container-specified
                                       HEALTHCHECK
      --oom-kill-disable               Disable OOM Killer
      --oom-score-adj int              Tune host's OOM preferences (-1000
                                       to 1000)
      --pid string                     PID namespace to use
      --pids-limit int                 Tune container pids limit (set -1
                                       for unlimited)
      --privileged                     Give extended privileges to this
                                       container
  -p, --publish list                   Publish a container's port(s) to
                                       the host
  -P, --publish-all                    Publish all exposed ports to
                                       random ports
      --read-only                      Mount the container's root
                                       filesystem as read only
      --restart string                 Restart policy to apply when a
                                       container exits (default "no")
      --rm                             Automatically remove the container
                                       when it exits
      --runtime string                 Runtime to use for this container
      --security-opt list              Security Options
      --shm-size bytes                 Size of /dev/shm
      --sig-proxy                      Proxy received signals to the
                                       process (default true)
      --stop-signal string             Signal to stop a container
                                       (default "15")
      --stop-timeout int               Timeout (in seconds) to stop a
                                       container
      --storage-opt list               Storage driver options for the
                                       container
      --sysctl map                     Sysctl options (default map[])
      --tmpfs list                     Mount a tmpfs directory
  -t, --tty                            Allocate a pseudo-TTY
      --ulimit ulimit                  Ulimit options (default [])
  -u, --user string                    Username or UID (format:
                                       <name|uid>[:<group|gid>])
      --userns string                  User namespace to use
      --uts string                     UTS namespace to use
  -v, --volume list                    Bind mount a volume
      --volume-driver string           Optional volume driver for the
                                       container
      --volumes-from list              Mount volumes from the specified
                                       container(s)
  -w, --workdir string                 Working directory inside the container

Admin@DESKTOP-EQVBGKE MINGW64 /c/Program Files/Docker Toolbox
$ docker run --name boa-mysql -e MYSQL_ROOT_PASSWORD = root123 -e MYSQL_DATABASE=boaproddb -e MYSQL_USER=root -e MYSQL_
PASSWORD=demo_pass -d mysql
C:\Program Files\Docker Toolbox\docker.exe: invalid reference format.
See 'C:\Program Files\Docker Toolbox\docker.exe run --help'.

Admin@DESKTOP-EQVBGKE MINGW64 /c/Program Files/Docker Toolbox
$ docker run --name boa-mysql -e MYSQL_ROOT_PASSWORD=root123 -e MYSQL_DATABASE=boaproddb -e MYSQL_USER=root -e MYSQL_PA
SSWORD=demo_pass -d mysql                                                                                               Unable to find image 'mysql:latest' locally
latest: Pulling from library/mysql
8f91359f1fff: Pull complete                                                                                             6bbb1c853362: Pull complete                                                                                             e6e554c0af6f: Pull complete                                                                                             f391c1a77330: Pull complete                                                                                             414a8a88eabc: Pull complete                                                                                             fee78658f4dd: Pull complete                                                                                             9568f6bff01b: Pull complete                                                                                             5a026d8bbe50: Pull complete                                                                                             07f193b54ae1: Pull complete                                                                                             1e404375a275: Pull complete                                                                                             b81b2ef0e430: Pull complete                                                                                             2f499f36bd40: Pull complete                                                                                             Digest: sha256:6d95fa56e008425121e24d2c01b76ebbf51ca1df0bafb1edbe1a46937f4a149d
Status: Downloaded newer image for mysql:latest
832bab3d1b6994f23f73c5a90d62b7f7ad7d6a102e205077c182907031234875

Admin@DESKTOP-EQVBGKE MINGW64 /c/Program Files/Docker Toolbox
$ docker container ls -a
CONTAINER ID        IMAGE               COMMAND                  CREATED             STATUS                     PORTS               NAMES
832bab3d1b69        mysql               "docker-entrypoint.s…"   10 minutes ago      Exited (1) 8 minutes ago                       boa-mysql

Admin@DESKTOP-EQVBGKE MINGW64 /c/Program Files/Docker Toolbox
$ docker exec -it boa-mysql mysql -u root -                                                                                                                             Error response from daemon: Container 832bab3d1b6994f23f73c5a90d62b7f7ad7d6a102e205077c182907031234875 is not running

Admin@DESKTOP-EQVBGKE MINGW64 /c/Program Files/Docker Toolbox
$ docker exec -it boa-mysql mysql -u root -p
Error response from daemon: Container 832bab3d1b6994f23f73c5a90d62b7f7ad7d6a102e205077c182907031234875 is not running

Admin@DESKTOP-EQVBGKE MINGW64 /c/Program Files/Docker Toolbox
$ docker exec -it boa-mysql mysql -u root -p root123
Error response from daemon: Container 832bab3d1b6994f23f73c5a90d62b7f7ad7d6a102e205077c182907031234875 is not running

Admin@DESKTOP-EQVBGKE MINGW64 /c/Program Files/Docker Toolbox
$ docker logs
"docker logs" requires exactly 1 argument.
See 'docker logs --help'.

Usage:  docker logs [OPTIONS] CONTAINER [flags]

Fetch the logs of a container

Admin@DESKTOP-EQVBGKE MINGW64 /c/Program Files/Docker Toolbox
$ docker logs mysql
Error: No such container: mysql

Admin@DESKTOP-EQVBGKE MINGW64 /c/Program Files/Docker Toolbox
$ docker logs boa-mysql
Initializing database
2019-09-26T05:44:11.250480Z 0 [Warning] [MY-011070] [Server] 'Disabling symbolic links using --skip-symbolic-links (or equivalent) is the default. Consider not using this option as it' is deprecated and will be removed in a future release.
2019-09-26T05:44:11.250545Z 0 [System] [MY-013169] [Server] /usr/sbin/mysqld (mysqld 8.0.17) initializing of server in progress as process 27
2019-09-26T05:45:08.948492Z 5 [Warning] [MY-010453] [Server] root@localhost is created with an empty password ! Please consider switching off the --initialize-insecure option.
2019-09-26T05:45:42.750876Z 0 [System] [MY-013170] [Server] /usr/sbin/mysqld (mysqld 8.0.17) initializing of server has completed
Database initialized
MySQL init process in progress...
MySQL init process in progress...
MySQL init process in progress...
MySQL init process in progress...
2019-09-26T05:45:46.716433Z 0 [Warning] [MY-011070] [Server] 'Disabling symbolic links using --skip-symbolic-links (or equivalent) is the default. Consider not using this option as it' is deprecated and will be removed in a future release.
2019-09-26T05:45:46.716558Z 0 [System] [MY-010116] [Server] /usr/sbin/mysqld (mysqld 8.0.17) starting as process 79
2019-09-26T05:45:50.190388Z 0 [Warning] [MY-010068] [Server] CA certificate ca.pem is self signed.
2019-09-26T05:45:50.302055Z 0 [Warning] [MY-011810] [Server] Insecure configuration for --pid-file: Location '/var/run/mysqld' in the path is accessible to all OS users. Consider choosing a different directory.
2019-09-26T05:45:50.385158Z 0 [System] [MY-010931] [Server] /usr/sbin/mysqld: ready for connections. Version: '8.0.17'  socket: '/var/run/mysqld/mysqld.sock'  port: 0  MySQL Community Server - GPL.
2019-09-26T05:45:50.520047Z 0 [System] [MY-011323] [Server] X Plugin ready for connections. Socket: '/var/run/mysqld/mysqlx.sock'
Warning: Unable to load '/usr/share/zoneinfo/iso3166.tab' as time zone. Skipping it.
Warning: Unable to load '/usr/share/zoneinfo/leap-seconds.list' as time zone. Skipping it.
Warning: Unable to load '/usr/share/zoneinfo/zone.tab' as time zone. Skipping it.
Warning: Unable to load '/usr/share/zoneinfo/zone1970.tab' as time zone. Skipping it.
mysql: [Warning] Using a password on the command line interface can be insecure.
mysql: [Warning] Using a password on the command line interface can be insecure.
ERROR 1396 (HY000) at line 1: Operation CREATE USER failed for 'root'@'%'

Admin@DESKTOP-EQVBGKE MINGW64 /c/Program Files/Docker Toolbox
$ docker exec -it boa-mysql mysql -u root -p demo_pass                                                                                                                  Error response from daemon: Container 832bab3d1b6994f23f73c5a90d62b7f7ad7d6a102e205077c182907031234875 is not running

Admin@DESKTOP-EQVBGKE MINGW64 /c/Program Files/Docker Toolbox
$ docker rm832bab3d1b69                                                                                                                                                 docker: 'rm832bab3d1b69' is not a docker command.
See 'docker --help'

Admin@DESKTOP-EQVBGKE MINGW64 /c/Program Files/Docker Toolbox
$ docker rm 832bab3d1b69
832bab3d1b69

Admin@DESKTOP-EQVBGKE MINGW64 /c/Program Files/Docker Toolbox
$ docker container ls -a                                                                                                                                                CONTAINER ID        IMAGE               COMMAND             CREATED             STATUS              PORTS               NAMES

Admin@DESKTOP-EQVBGKE MINGW64 /c/Program Files/Docker Toolbox
$ docker run --name boa-mysql -e MYSQL_ROOT_PASSWORD=root123 -e MYSQL_DATABASE=boaproddb -e MYSQL_USER=root -e MYSQL_PASSWORD=root123 -d mysql                          ad01efd6dae1802938a0d8bf4e33257e944b2924a106c8751c7ac2febd72f9b8

Admin@DESKTOP-EQVBGKE MINGW64 /c/Program Files/Docker Toolbox
$ docker container ls -a
CONTAINER ID        IMAGE               COMMAND                  CREATED             STATUS              PORTS                 NAMES
ad01efd6dae1        mysql               "docker-entrypoint.s…"   2 seconds ago       Up 3 seconds        3306/tcp, 33060/tcp   boa-mysql

Admin@DESKTOP-EQVBGKE MINGW64 /c/Program Files/Docker Toolbox
$ docker exec -it boa-mysql mysql -u root -p root123
Enter password:
ERROR 2002 (HY000): Can't connect to local MySQL server through socket '/var/run/mysqld/mysqld.sock' (2)

Admin@DESKTOP-EQVBGKE MINGW64 /c/Program Files/Docker Toolbox
$ docker exec -it boa-mysql mysql -u root                                                                                                                               ERROR 2002 (HY000): Can't connect to local MySQL server through socket '/var/run/mysqld/mysqld.sock' (2)

Admin@DESKTOP-EQVBGKE MINGW64 /c/Program Files/Docker Toolbox
$ docker exec -it boa-mysql mysql -u root -p
Enter password:
ERROR 1045 (28000): Access denied for user 'root'@'localhost' (using password: YES)

Admin@DESKTOP-EQVBGKE MINGW64 /c/Program Files/Docker Toolbox
$ docker exec -it boa-mysql -u root -p
Error response from daemon: Container ad01efd6dae1802938a0d8bf4e33257e944b2924a106c8751c7ac2febd72f9b8 is not running

Admin@DESKTOP-EQVBGKE MINGW64 /c/Program Files/Docker Toolbox
$ docker exec -it mysql -u root -p
Error: No such container: mysql

Admin@DESKTOP-EQVBGKE MINGW64 /c/Program Files/Docker Toolbox
$ docker exec -it ad01efd6dae1 -u root -p                                                                                                                               Error response from daemon: Container ad01efd6dae1802938a0d8bf4e33257e944b2924a106c8751c7ac2febd72f9b8 is not running

Admin@DESKTOP-EQVBGKE MINGW64 /c/Program Files/Docker Toolbox
$ docker container ls -a
CONTAINER ID        IMAGE               COMMAND                  CREATED             STATUS                     PORTS               NAMES
ad01efd6dae1        mysql               "docker-entrypoint.s…"   5 minutes ago       Exited (1) 3 minutes ago                       boa-mysql

Admin@DESKTOP-EQVBGKE MINGW64 /c/Program Files/Docker Toolbox
$ docker rm ad01efd6dae1
ad01efd6dae1

Admin@DESKTOP-EQVBGKE MINGW64 /c/Program Files/Docker Toolbox
$ docker container ls -a
CONTAINER ID        IMAGE               COMMAND             CREATED             STATUS              PORTS               NAMES

Admin@DESKTOP-EQVBGKE MINGW64 /c/Program Files/Docker Toolbox
$ docker run --name boa-mysql -e MYSQL_ROOT_PASSWORD=root123 -e MYSQL_DATABASE=boaproddb -e MYSQL_USER=root -e MYSQL_PASSWORD=root123 -d mysql
a008696a937daa9e6c63e1eb406a1c1bb3e552eb8e85ed799770ed977f0c8249

Admin@DESKTOP-EQVBGKE MINGW64 /c/Program Files/Docker Toolbox
$ docker container ls -a
CONTAINER ID        IMAGE               COMMAND                  CREATED                  STATUS              PORTS                 NAMES
a008696a937d        mysql               "docker-entrypoint.s…"   Less than a second ago   Up 1 second         3306/tcp, 33060/tcp   boa-mysql

Admin@DESKTOP-EQVBGKE MINGW64 /c/Program Files/Docker Toolbox
$ docker exec -it boa-mysql -u root -p
OCI runtime exec failed: exec failed: container_linux.go:345: starting container process caused "exec: \"-u\": executable file not found in $PATH": unknown

Admin@DESKTOP-EQVBGKE MINGW64 /c/Program Files/Docker Toolbox
$ docker exec -it boa-mysql mysql -u root -p
Enter password:
ERROR 2002 (HY000): Can't connect to local MySQL server through socket '/var/run/mysqld/mysqld.sock' (2)

Admin@DESKTOP-EQVBGKE MINGW64 /c/Program Files/Docker Toolbox
$ docker container ls -a
CONTAINER ID        IMAGE               COMMAND                  CREATED              STATUS              PORTS                 NAMES
a008696a937d        mysql               "docker-entrypoint.s…"   About a minute ago   Up About a minute   3306/tcp, 33060/tcp   boa-mysql

Admin@DESKTOP-EQVBGKE MINGW64 /c/Program Files/Docker Toolbox
$ docker exec -it boa-mysql mysql -u root -p
Enter password:
ERROR 2002 (HY000): Can't connect to local MySQL server through socket '/var/run/mysqld/mysqld.sock' (2)

Admin@DESKTOP-EQVBGKE MINGW64 /c/Program Files/Docker Toolbox
$ docker rm a008696a937d
a008696a937d

Admin@DESKTOP-EQVBGKE MINGW64 /c/Program Files/Docker Toolbox
$ docker container ls -a
CONTAINER ID        IMAGE               COMMAND             CREATED             STATUS              PORTS               NAMES

Admin@DESKTOP-EQVBGKE MINGW64 /c/Program Files/Docker Toolbox
$ docker run --name boa-mysql -e MYSQL_ROOT_PASSWORD=root123 -e MYSQL_DATABASE=boaproddb -e MYSQL_USER=system -e MYSQL_PASSWORD=root123 -d mysql                        8eae35d6be52dafd13b2082121f40a129fb5d8dd16baefe841c032db09b699f8

Admin@DESKTOP-EQVBGKE MINGW64 /c/Program Files/Docker Toolbox
$ docker container ls -a                                                                                                                                                CONTAINER ID        IMAGE               COMMAND                  CREATED             STATUS              PORTS                 NAMES
8eae35d6be52        mysql               "docker-entrypoint.s…"   1 second ago        Up 2 seconds        3306/tcp, 33060/tcp   boa-mysql

Admin@DESKTOP-EQVBGKE MINGW64 /c/Program Files/Docker Toolbox
$ docker exec -it boa-mysql mysql -u root -p
Enter password:
ERROR 2002 (HY000): Can't connect to local MySQL server through socket '/var/run/mysqld/mysqld.sock' (2)

Admin@DESKTOP-EQVBGKE MINGW64 /c/Program Files/Docker Toolbox
$ docker log 8eae35d6be52
docker: 'log' is not a docker command.
See 'docker --help'

Admin@DESKTOP-EQVBGKE MINGW64 /c/Program Files/Docker Toolbox
$ docker logs 8eae35d6be52
Initializing database

Admin@DESKTOP-EQVBGKE MINGW64 /c/Program Files/Docker Toolbox
$ docker container ls -a
CONTAINER ID        IMAGE               COMMAND                  CREATED             STATUS              PORTS                 NAMES
8eae35d6be52        mysql               "docker-entrypoint.s…"   50 seconds ago      Up 51 seconds       3306/tcp, 33060/tcp   boa-mysql

Admin@DESKTOP-EQVBGKE MINGW64 /c/Program Files/Docker Toolbox
$ docker logs 8eae35d6be52
Initializing database
2019-09-26T06:11:47.571106Z 0 [Warning] [MY-011070] [Server] 'Disabling symbolic links using --skip-symbolic-links (or equivalent) is the default. Consider not using this option as it' is deprecated and will be removed in a future release.
2019-09-26T06:11:47.571213Z 0 [System] [MY-013169] [Server] /usr/sbin/mysqld (mysqld 8.0.17) initializing of server in progress as process 27
2019-09-26T06:12:43.039157Z 5 [Warning] [MY-010453] [Server] root@localhost is created with an empty password ! Please consider switching off the --initialize-insecure option.

Admin@DESKTOP-EQVBGKE MINGW64 /c/Program Files/Docker Toolbox
$ docker logs 8eae35d6be52
Initializing database
2019-09-26T06:11:47.571106Z 0 [Warning] [MY-011070] [Server] 'Disabling symbolic links using --skip-symbolic-links (or equivalent) is the default. Consider not using this option as it' is deprecated and will be removed in a future release.
2019-09-26T06:11:47.571213Z 0 [System] [MY-013169] [Server] /usr/sbin/mysqld (mysqld 8.0.17) initializing of server in progress as process 27
2019-09-26T06:12:43.039157Z 5 [Warning] [MY-010453] [Server] root@localhost is created with an empty password ! Please consider switching off the --initialize-insecure option.

Admin@DESKTOP-EQVBGKE MINGW64 /c/Program Files/Docker Toolbox
$ docker logs 8eae35d6be52
Initializing database
2019-09-26T06:11:47.571106Z 0 [Warning] [MY-011070] [Server] 'Disabling symbolic links using --skip-symbolic-links (or equivalent) is the default. Consider not using this option as it' is deprecated and will be removed in a future release.
2019-09-26T06:11:47.571213Z 0 [System] [MY-013169] [Server] /usr/sbin/mysqld (mysqld 8.0.17) initializing of server in progress as process 27
2019-09-26T06:12:43.039157Z 5 [Warning] [MY-010453] [Server] root@localhost is created with an empty password ! Please consider switching off the --initialize-insecure option.

Admin@DESKTOP-EQVBGKE MINGW64 /c/Program Files/Docker Toolbox
$ docker logs 8eae35d6be52
Initializing database
2019-09-26T06:11:47.571106Z 0 [Warning] [MY-011070] [Server] 'Disabling symbolic links using --skip-symbolic-links (or equivalent) is the default. Consider not using this option as it' is deprecated and will be removed in a future release.
2019-09-26T06:11:47.571213Z 0 [System] [MY-013169] [Server] /usr/sbin/mysqld (mysqld 8.0.17) initializing of server in progress as process 27
2019-09-26T06:12:43.039157Z 5 [Warning] [MY-010453] [Server] root@localhost is created with an empty password ! Please consider switching off the --initialize-insecure option.

Admin@DESKTOP-EQVBGKE MINGW64 /c/Program Files/Docker Toolbox
$ docker logs 8eae35d6be52
Initializing database
2019-09-26T06:11:47.571106Z 0 [Warning] [MY-011070] [Server] 'Disabling symbolic links using --skip-symbolic-links (or equivalent) is the default. Consider not using this option as it' is deprecated and will be removed in a future release.
2019-09-26T06:11:47.571213Z 0 [System] [MY-013169] [Server] /usr/sbin/mysqld (mysqld 8.0.17) initializing of server in progress as process 27
2019-09-26T06:12:43.039157Z 5 [Warning] [MY-010453] [Server] root@localhost is created with an empty password ! Please consider switching off the --initialize-insecure option.

Admin@DESKTOP-EQVBGKE MINGW64 /c/Program Files/Docker Toolbox
$ docker logs 8eae35d6be52
Initializing database
2019-09-26T06:11:47.571106Z 0 [Warning] [MY-011070] [Server] 'Disabling symbolic links using --skip-symbolic-links (or equivalent) is the default. Consider not using this option as it' is deprecated and will be removed in a future release.
2019-09-26T06:11:47.571213Z 0 [System] [MY-013169] [Server] /usr/sbin/mysqld (mysqld 8.0.17) initializing of server in progress as process 27
2019-09-26T06:12:43.039157Z 5 [Warning] [MY-010453] [Server] root@localhost is created with an empty password ! Please consider switching off the --initialize-insecure option.

Admin@DESKTOP-EQVBGKE MINGW64 /c/Program Files/Docker Toolbox
$ docker logs 8eae35d6be52
Initializing database
2019-09-26T06:11:47.571106Z 0 [Warning] [MY-011070] [Server] 'Disabling symbolic links using --skip-symbolic-links (or equivalent) is the default. Consider not using this option as it' is deprecated and will be removed in a future release.
2019-09-26T06:11:47.571213Z 0 [System] [MY-013169] [Server] /usr/sbin/mysqld (mysqld 8.0.17) initializing of server in progress as process 27
2019-09-26T06:12:43.039157Z 5 [Warning] [MY-010453] [Server] root@localhost is created with an empty password ! Please consider switching off the --initialize-insecure option.

Admin@DESKTOP-EQVBGKE MINGW64 /c/Program Files/Docker Toolbox
$ docker logs 8eae35d6be52
Initializing database
2019-09-26T06:11:47.571106Z 0 [Warning] [MY-011070] [Server] 'Disabling symbolic links using --skip-symbolic-links (or equivalent) is the default. Consider not using this option as it' is deprecated and will be removed in a future release.
2019-09-26T06:11:47.571213Z 0 [System] [MY-013169] [Server] /usr/sbin/mysqld (mysqld 8.0.17) initializing of server in progress as process 27
2019-09-26T06:12:43.039157Z 5 [Warning] [MY-010453] [Server] root@localhost is created with an empty password ! Please consider switching off the --initialize-insecure option.

Admin@DESKTOP-EQVBGKE MINGW64 /c/Program Files/Docker Toolbox
$ docker container ls -a                                                                                                                                                CONTAINER ID        IMAGE               COMMAND                  CREATED             STATUS              PORTS                 NAMES
8eae35d6be52        mysql               "docker-entrypoint.s…"   2 minutes ago       Up 2 minutes        3306/tcp, 33060/tcp   boa-mysql

Admin@DESKTOP-EQVBGKE MINGW64 /c/Program Files/Docker Toolbox
$ docker rm 8eae35d6be52
Error response from daemon: You cannot remove a running container 8eae35d6be52dafd13b2082121f40a129fb5d8dd16baefe841c032db09b699f8. Stop the container before attempting removal or force remove

Admin@DESKTOP-EQVBGKE MINGW64 /c/Program Files/Docker Toolbox
$ docker container ls -a
CONTAINER ID        IMAGE               COMMAND                  CREATED             STATUS              PORTS                 NAMES
8eae35d6be52        mysql               "docker-entrypoint.s…"   2 minutes ago       Up 2 minutes        3306/tcp, 33060/tcp   boa-mysql

Admin@DESKTOP-EQVBGKE MINGW64 /c/Program Files/Docker Toolbox
$ docker container ls -a
CONTAINER ID        IMAGE               COMMAND                  CREATED             STATUS              PORTS                 NAMES
8eae35d6be52        mysql               "docker-entrypoint.s…"   2 minutes ago       Up 2 minutes        3306/tcp, 33060/tcp   boa-mysql

Admin@DESKTOP-EQVBGKE MINGW64 /c/Program Files/Docker Toolbox
$ docker exec -it boa-mysql mysql -u system -p
Enter password:
Welcome to the MySQL monitor.  Commands end with ; or \g.
Your MySQL connection id is 8
Server version: 8.0.17 MySQL Community Server - GPL

Copyright (c) 2000, 2019, Oracle and/or its affiliates. All rights reserved.

Oracle is a registered trademark of Oracle Corporation and/or its
affiliates. Other names may be trademarks of their respective
owners.

Type 'help;' or '\h' for help. Type '\c' to clear the current input statement.

mysql> show db
    -> ;
ERROR 1064 (42000): You have an error in your SQL syntax; check the manual that corresponds to your MySQL server version for the right syntax to use near 'db' at line 1
mysql> show database;
ERROR 1064 (42000): You have an error in your SQL syntax; check the manual that corresponds to your MySQL server version for the right syntax to use near 'database' at line 1
mysql> show databases;
+--------------------+
| Database           |
+--------------------+
| boaproddb          |
| information_schema |
+--------------------+
2 rows in set (0.00 sec)

mysql> use boaproddb
Reading table information for completion of table and column names
You can turn off this feature to get a quicker startup with -A

Database changed
mysql> select * from tab;
ERROR 1146 (42S02): Table 'boaproddb.tab' doesn't exist
mysql> select * from customer;
ERROR 1146 (42S02): Table 'boaproddb.customer' doesn't exist
mysql> connect
Connection id:    19
Current database: boaproddb

mysql> select * from customer;
ERROR 1146 (42S02): Table 'boaproddb.customer' doesn't exist
mysql> docker run --name boa-mysql -e MYSQL_ROOT_PASSWORD=root123 -e MYSQL_DATABASE=boaproddb -e MYSQL_USER=root -e MYSQL_PASSWORD=root123 -d mysql
    ->
Admin@DESKTOP-EQVBGKE MINGW64 /c/Program Files/Docker Toolbox
$ docker run --name boa-mysql -e MYSQL_ROOT_PASSWORD=root123 -e MYSQL_DATABASE=boaproddb -e MYSQL_USER=root -e MYSQL_PASSWORD=root123 -d mysql                          C:\Program Files\Docker Toolbox\docker.exe: Error response from daemon: Conflict. The container name "/boa-mysql" is already in use by container "8eae35d6be52dafd13b2082121f40a129fb5d8dd16baefe841c032db09b699f8". You have to remove (or rename) that container to be able to reuse that name.
See 'C:\Program Files\Docker Toolbox\docker.exe run --help'.

Admin@DESKTOP-EQVBGKE MINGW64 /c/Program Files/Docker Toolbox
$ docker run --name boa-mysql1 -e MYSQL_ROOT_PASSWORD=root123 -e MYSQL_DATABASE=boaproddb -e MYSQL_USER=root -e MYSQL_PASSWORD=root123 -d mysql                         7a883fa51419b192e64ad8f7fea2e1456c60dbcf9a00eee7c57fc7453b67d26b

Admin@DESKTOP-EQVBGKE MINGW64 /c/Program Files/Docker Toolbox
$ docker container ls -a
CONTAINER ID        IMAGE               COMMAND                  CREATED             STATUS              PORTS                    NAMES
7a883fa51419        mysql               "docker-entrypoint.s…"   8 seconds ago       Up 8 seconds        3306/tcp, 33060/tcp      boa-mysql1
bb01bf333096        kycmumbai-app       "sh -c 'java $JAVA_O…"   23 minutes ago      Up 23 minutes       0.0.0.0:7090->6060/tcp   container-app
8eae35d6be52        mysql               "docker-entrypoint.s…"   About an hour ago   Up About an hour    3306/tcp, 33060/tcp      boa-mysql

Admin@DESKTOP-EQVBGKE MINGW64 /c/Program Files/Docker Toolbox
$ docker run -h 192.168.99.100 -p 7091:6060 --name container-app --link boa-mysql1:mysql -d kycmumbai-app                                                               C:\Program Files\Docker Toolbox\docker.exe: Error response from daemon: Conflict. The container name "/container-app" is already in use by container "bb01bf333096432a48c25e43223e53e7a2153552b98117b7d4d8928a47352482". You have to remove (or rename) that container to be able to reuse that name.
See 'C:\Program Files\Docker Toolbox\docker.exe run --help'.

Admin@DESKTOP-EQVBGKE MINGW64 /c/Program Files/Docker Toolbox
$ docker run -h 192.168.99.100 -p 7091:6060 --name container-app1 --link boa-mysql1:mysql -d kycmumbai-app                                                              58a6776fcacc00a5a6aca3c5c7ebe597497f30e6e660f4b61ad9d60d7f919a6a
C:\Program Files\Docker Toolbox\docker.exe: Error response from daemon: Cannot link to a non running container: /boa-mysql1 AS /container-app1/mysql.

Admin@DESKTOP-EQVBGKE MINGW64 /c/Program Files/Docker Toolbox
$ docker run -h 192.168.99.100 -p 7091:6060 --name container-app1 --link boa-mysql1:mysql -d kycmumbai-app
C:\Program Files\Docker Toolbox\docker.exe: Error response from daemon: Conflict. The container name "/container-app1" is already in use by container "58a6776fcacc00a5a6aca3c5c7ebe597497f30e6e660f4b61ad9d60d7f919a6a". You have to remove (or rename) that container to be able to reuse that name.
See 'C:\Program Files\Docker Toolbox\docker.exe run --help'.

Admin@DESKTOP-EQVBGKE MINGW64 /c/Program Files/Docker Toolbox
$ docker run -h 192.168.99.100 -p 7091:6060 --name container-app5 --link boa-mysql1:mysql -d kycmumbai-app
f621c8f4e69b4ce8a35fd16e3e5adbfb4a5f285856bac8b1ad288d5bf0d77602
C:\Program Files\Docker Toolbox\docker.exe: Error response from daemon: Cannot link to a non running container: /boa-mysql1 AS /container-app5/mysql.

Admin@DESKTOP-EQVBGKE MINGW64 /c/Program Files/Docker Toolbox
$ docker container ls -a                                                                                                                                                CONTAINER ID        IMAGE               COMMAND                  CREATED             STATUS                     PORTS                    NAMES
f621c8f4e69b        kycmumbai-app       "sh -c 'java $JAVA_O…"   29 seconds ago      Created                    0.0.0.0:7091->6060/tcp   container-app5
58a6776fcacc        kycmumbai-app       "sh -c 'java $JAVA_O…"   5 minutes ago       Created                    0.0.0.0:7091->6060/tcp   container-app1
7a883fa51419        mysql               "docker-entrypoint.s…"   8 minutes ago       Exited (1) 6 minutes ago                            boa-mysql1
bb01bf333096        kycmumbai-app       "sh -c 'java $JAVA_O…"   32 minutes ago      Up 32 minutes              0.0.0.0:7090->6060/tcp   container-app
8eae35d6be52        mysql               "docker-entrypoint.s…"   About an hour ago   Up About an hour           3306/tcp, 33060/tcp      boa-mysql

Admin@DESKTOP-EQVBGKE MINGW64 /c/Program Files/Docker Toolbox
$ docker logs 7a883fa51419
Initializing database
2019-09-26T07:14:21.462176Z 0 [Warning] [MY-011070] [Server] 'Disabling symbolic links using --skip-symbolic-links (or equivalent) is the default. Consider not using this option as it' is deprecated and will be removed in a future release.
2019-09-26T07:14:21.462498Z 0 [System] [MY-013169] [Server] /usr/sbin/mysqld (mysqld 8.0.17) initializing of server in progress as process 27
2019-09-26T07:15:20.993682Z 5 [Warning] [MY-010453] [Server] root@localhost is created with an empty password ! Please consider switching off the --initialize-insecure option.
2019-09-26T07:15:57.340607Z 0 [System] [MY-013170] [Server] /usr/sbin/mysqld (mysqld 8.0.17) initializing of server has completed
Database initialized
MySQL init process in progress...
MySQL init process in progress...
MySQL init process in progress...
MySQL init process in progress...
2019-09-26T07:16:01.605229Z 0 [Warning] [MY-011070] [Server] 'Disabling symbolic links using --skip-symbolic-links (or equivalent) is the default. Consider not using this option as it' is deprecated and will be removed in a future release.
2019-09-26T07:16:01.606076Z 0 [System] [MY-010116] [Server] /usr/sbin/mysqld (mysqld 8.0.17) starting as process 79
2019-09-26T07:16:06.791798Z 0 [Warning] [MY-010068] [Server] CA certificate ca.pem is self signed.
2019-09-26T07:16:06.877975Z 0 [Warning] [MY-011810] [Server] Insecure configuration for --pid-file: Location '/var/run/mysqld' in the path is accessible to all OS users. Consider choosing a different directory.
2019-09-26T07:16:06.923511Z 0 [System] [MY-010931] [Server] /usr/sbin/mysqld: ready for connections. Version: '8.0.17'  socket: '/var/run/mysqld/mysqld.sock'  port: 0  MySQL Community Server - GPL.
2019-09-26T07:16:07.248460Z 0 [System] [MY-011323] [Server] X Plugin ready for connections. Socket: '/var/run/mysqld/mysqlx.sock'
Warning: Unable to load '/usr/share/zoneinfo/iso3166.tab' as time zone. Skipping it.
Warning: Unable to load '/usr/share/zoneinfo/leap-seconds.list' as time zone. Skipping it.
Warning: Unable to load '/usr/share/zoneinfo/zone.tab' as time zone. Skipping it.
Warning: Unable to load '/usr/share/zoneinfo/zone1970.tab' as time zone. Skipping it.
mysql: [Warning] Using a password on the command line interface can be insecure.
mysql: [Warning] Using a password on the command line interface can be insecure.
ERROR 1396 (HY000) at line 1: Operation CREATE USER failed for 'root'@'%'

Admin@DESKTOP-EQVBGKE MINGW64 /c/Program Files/Docker Toolbox
$ docker rm 7a883fa51419
7a883fa51419

Admin@DESKTOP-EQVBGKE MINGW64 /c/Program Files/Docker Toolbox
$ docker container ls -a                                                                                                                                                CONTAINER ID        IMAGE               COMMAND                  CREATED              STATUS              PORTS                    NAMES
f621c8f4e69b        kycmumbai-app       "sh -c 'java $JAVA_O…"   About a minute ago   Created             0.0.0.0:7091->6060/tcp   container-app5
58a6776fcacc        kycmumbai-app       "sh -c 'java $JAVA_O…"   6 minutes ago        Created             0.0.0.0:7091->6060/tcp   container-app1
bb01bf333096        kycmumbai-app       "sh -c 'java $JAVA_O…"   33 minutes ago       Up 33 minutes       0.0.0.0:7090->6060/tcp   container-app
8eae35d6be52        mysql               "docker-entrypoint.s…"   About an hour ago    Up About an hour    3306/tcp, 33060/tcp      boa-mysql

Admin@DESKTOP-EQVBGKE MINGW64 /c/Program Files/Docker Toolbox
$ docker rm f621c8f4e69b                                                                                                                                                f621c8f4e69b

Admin@DESKTOP-EQVBGKE MINGW64 /c/Program Files/Docker Toolbox
$ docker container ls -a
CONTAINER ID        IMAGE               COMMAND                  CREATED             STATUS              PORTS                    NAMES
58a6776fcacc        kycmumbai-app       "sh -c 'java $JAVA_O…"   6 minutes ago       Created             0.0.0.0:7091->6060/tcp   container-app1
bb01bf333096        kycmumbai-app       "sh -c 'java $JAVA_O…"   34 minutes ago      Up 34 minutes       0.0.0.0:7090->6060/tcp   container-app
8eae35d6be52        mysql               "docker-entrypoint.s…"   About an hour ago   Up About an hour    3306/tcp, 33060/tcp      boa-mysql

Admin@DESKTOP-EQVBGKE MINGW64 /c/Program Files/Docker Toolbox
$ docker run -h 192.168.99.100 -p 7091:6060 --name container-app1 --link boa-mysql:mysql -d kycmumbai-app                                                               C:\Program Files\Docker Toolbox\docker.exe: Error response from daemon: Conflict. The container name "/container-app1" is already in use by container "58a6776fcacc00a5a6aca3c5c7ebe597497f30e6e660f4b61ad9d60d7f919a6a". You have to remove (or rename) that container to be able to reuse that name.
See 'C:\Program Files\Docker Toolbox\docker.exe run --help'.

Admin@DESKTOP-EQVBGKE MINGW64 /c/Program Files/Docker Toolbox
$ docker run -h 192.168.99.100 -p 7091:6060 --name container-app1 --link boa-mysql:mysql -d kycmumbai-app .
C:\Program Files\Docker Toolbox\docker.exe: Error response from daemon: Conflict. The container name "/container-app1" is already in use by container "58a6776fcacc00a5a6aca3c5c7ebe597497f30e6e660f4b61ad9d60d7f919a6a". You have to remove (or rename) that container to be able to reuse that name.
See 'C:\Program Files\Docker Toolbox\docker.exe run --help'.

Admin@DESKTOP-EQVBGKE MINGW64 /c/Program Files/Docker Toolbox
$ docker run -h 192.168.99.100 -p 7091:6060 --name container-app1 --link boa-mysql:mysql                                                                                "docker run" requires at least 1 argument.
See 'docker run --help'.

Usage:  docker run [OPTIONS] IMAGE [COMMAND] [ARG...] [flags]

Run a command in a new container

Admin@DESKTOP-EQVBGKE MINGW64 /c/Program Files/Docker Toolbox
$ docker run -h 192.168.99.100 -p 7091:6060 --name container-app1 --link boa-mysql:mysql
"docker run" requires at least 1 argument.
See 'docker run --help'.

Usage:  docker run [OPTIONS] IMAGE [COMMAND] [ARG...] [flags]

Run a command in a new container

Admin@DESKTOP-EQVBGKE MINGW64 /c/Program Files/Docker Toolbox
$ docker run -h 192.168.99.100 -p 7091:6060 --name container-app1 --link boa-mysql:mysql -d kycmumbai-app
C:\Program Files\Docker Toolbox\docker.exe: Error response from daemon: Conflict. The container name "/container-app1" is already in use by container "58a6776fcacc00a5a6aca3c5c7ebe597497f30e6e660f4b61ad9d60d7f919a6a". You have to remove (or rename) that container to be able to reuse that name.
See 'C:\Program Files\Docker Toolbox\docker.exe run --help'.

Admin@DESKTOP-EQVBGKE MINGW64 /c/Program Files/Docker Toolbox
$ docker run -h 192.168.99.100 -p 7091:6060 --name container-app2 --link boa-mysql:mysql -d kycmumbai-app
624c795098963cfc6e9c3a1752c97d4d01a024599ed461d4849dcc60dfd0fca4

Admin@DESKTOP-EQVBGKE MINGW64 /c/Program Files/Docker Toolbox
$ docker container ls -a
CONTAINER ID        IMAGE               COMMAND                  CREATED             STATUS              PORTS                    NAMES
624c79509896        kycmumbai-app       "sh -c 'java $JAVA_O…"   8 seconds ago       Up 8 seconds        0.0.0.0:7091->6060/tcp   container-app2
58a6776fcacc        kycmumbai-app       "sh -c 'java $JAVA_O…"   11 minutes ago      Created             0.0.0.0:7091->6060/tcp   container-app1
bb01bf333096        kycmumbai-app       "sh -c 'java $JAVA_O…"   39 minutes ago      Up 39 minutes       0.0.0.0:7090->6060/tcp   container-app
8eae35d6be52        mysql               "docker-entrypoint.s…"   About an hour ago   Up About an hour    3306/tcp, 33060/tcp      boa-mysql

Admin@DESKTOP-EQVBGKE MINGW64 /c/Program Files/Docker Toolbox
$ docker stop 58a6776fcacc
58a6776fcacc

Admin@DESKTOP-EQVBGKE MINGW64 /c/Program Files/Docker Toolbox
$ docker container ls -a
CONTAINER ID        IMAGE               COMMAND                  CREATED             STATUS              PORTS                    NAMES
624c79509896        kycmumbai-app       "sh -c 'java $JAVA_O…"   23 seconds ago      Up 23 seconds       0.0.0.0:7091->6060/tcp   container-app2
58a6776fcacc        kycmumbai-app       "sh -c 'java $JAVA_O…"   12 minutes ago      Created             0.0.0.0:7091->6060/tcp   container-app1
bb01bf333096        kycmumbai-app       "sh -c 'java $JAVA_O…"   39 minutes ago      Up 39 minutes       0.0.0.0:7090->6060/tcp   container-app
8eae35d6be52        mysql               "docker-entrypoint.s…"   About an hour ago   Up About an hour    3306/tcp, 33060/tcp      boa-mysql

Admin@DESKTOP-EQVBGKE MINGW64 /c/Program Files/Docker Toolbox
$ docker rm 58a6776fcacc
58a6776fcacc

Admin@DESKTOP-EQVBGKE MINGW64 /c/Program Files/Docker Toolbox
$ docker container ls -a
CONTAINER ID        IMAGE               COMMAND                  CREATED             STATUS              PORTS                    NAMES
624c79509896        kycmumbai-app       "sh -c 'java $JAVA_O…"   48 seconds ago      Up 48 seconds       0.0.0.0:7091->6060/tcp   container-app2
bb01bf333096        kycmumbai-app       "sh -c 'java $JAVA_O…"   39 minutes ago      Up 39 minutes       0.0.0.0:7090->6060/tcp   container-app
8eae35d6be52        mysql               "docker-entrypoint.s…"   About an hour ago   Up About an hour    3306/tcp, 33060/tcp      boa-mysql

Admin@DESKTOP-EQVBGKE MINGW64 /c/Program Files/Docker Toolbox
$